[2025-02-10 18:29:43] [INFO] start algorithm: DQN
[2025-02-10 18:29:43] [INFO] model size: 10
[2025-02-10 18:29:43] [INFO] init_step: 0
[2025-02-10 18:29:44] [INFO] handle model: bunny
[2025-02-10 18:30:21] [INFO] handle model: bust
[2025-02-10 18:30:30] [INFO] handle model: column
[2025-02-10 18:30:42] [INFO] handle model: dragon
[2025-02-10 18:30:47] [INFO] handle model: dragon2
[2025-02-10 18:30:50] [INFO] handle model: happy
[2025-02-10 18:30:58] [INFO] handle model: head
[2025-02-10 18:31:12] [ERROR] model name: head, step: 10, coverage: 0.83648681640625
[2025-02-10 18:31:13] [INFO] handle model: lion
[2025-02-10 18:31:19] [INFO] handle model: thinker
[2025-02-10 18:31:24] [ERROR] model name: thinker, step: 10, coverage: 0.81768798828125
[2025-02-10 18:31:24] [INFO] handle model: armadillo
[2025-02-10 18:31:26] [INFO] init_step: 10
[2025-02-10 18:31:26] [INFO] handle model: bunny
[2025-02-10 18:31:29] [INFO] handle model: bust
[2025-02-10 18:31:34] [INFO] handle model: column
[2025-02-10 18:31:41] [INFO] handle model: dragon
[2025-02-10 18:31:46] [INFO] handle model: dragon2
[2025-02-10 18:31:48] [INFO] handle model: happy
[2025-02-10 18:31:50] [INFO] handle model: head
[2025-02-10 18:32:04] [ERROR] model name: head, step: 10, coverage: 0.83648681640625
[2025-02-10 18:32:04] [INFO] handle model: lion
[2025-02-10 18:32:07] [INFO] handle model: thinker
[2025-02-10 18:32:12] [ERROR] model name: thinker, step: 10, coverage: 0.81768798828125
[2025-02-10 18:32:12] [INFO] handle model: armadillo
[2025-02-10 18:32:15] [INFO] init_step: 10
[2025-02-10 18:32:15] [INFO] handle model: bunny
[2025-02-10 18:32:17] [INFO] handle model: bust
[2025-02-10 18:32:22] [INFO] handle model: column
[2025-02-10 18:32:30] [INFO] handle model: dragon
[2025-02-10 18:32:34] [INFO] handle model: dragon2
[2025-02-10 18:32:36] [INFO] handle model: happy
[2025-02-10 18:32:38] [INFO] handle model: head
[2025-02-10 18:32:51] [ERROR] model name: head, step: 10, coverage: 0.83648681640625
[2025-02-10 18:32:52] [INFO] handle model: lion
[2025-02-10 18:32:56] [INFO] handle model: thinker
[2025-02-10 18:33:00] [ERROR] model name: thinker, step: 10, coverage: 0.81768798828125
[2025-02-10 18:33:00] [INFO] handle model: armadillo
[2025-02-10 18:33:02] [INFO] init_step: 10
[2025-02-10 18:33:03] [INFO] handle model: bunny
[2025-02-10 18:33:05] [INFO] handle model: bust
[2025-02-10 18:33:10] [INFO] handle model: column
[2025-02-10 18:33:18] [INFO] handle model: dragon
[2025-02-10 18:33:22] [INFO] handle model: dragon2
[2025-02-10 18:33:24] [INFO] handle model: happy
[2025-02-10 18:33:26] [INFO] handle model: head
[2025-02-10 18:33:40] [ERROR] model name: head, step: 10, coverage: 0.83648681640625
[2025-02-10 18:33:40] [INFO] handle model: lion
[2025-02-10 18:33:44] [INFO] handle model: thinker
[2025-02-10 18:33:48] [ERROR] model name: thinker, step: 10, coverage: 0.81768798828125
[2025-02-10 18:33:49] [INFO] handle model: armadillo
[2025-02-10 18:33:51] [INFO] init_step: 10
[2025-02-10 18:33:51] [INFO] handle model: bunny
[2025-02-10 18:33:53] [INFO] handle model: bust
[2025-02-10 18:33:59] [INFO] handle model: column
[2025-02-10 18:34:06] [INFO] handle model: dragon
[2025-02-10 18:34:10] [INFO] handle model: dragon2
[2025-02-10 18:34:12] [INFO] handle model: happy
[2025-02-10 18:34:14] [INFO] handle model: head
[2025-02-10 18:34:28] [ERROR] model name: head, step: 10, coverage: 0.83648681640625
[2025-02-10 18:34:28] [INFO] handle model: lion
[2025-02-10 18:34:32] [INFO] handle model: thinker
[2025-02-10 18:34:36] [ERROR] model name: thinker, step: 10, coverage: 0.81768798828125
[2025-02-10 18:34:36] [INFO] handle model: armadillo
[2025-02-10 18:34:39] [INFO] init_step: 10
[2025-02-10 18:34:39] [INFO] handle model: bunny
[2025-02-10 18:34:41] [INFO] handle model: bust
[2025-02-10 18:34:46] [INFO] handle model: column
[2025-02-10 18:34:53] [INFO] handle model: dragon
[2025-02-10 18:34:58] [INFO] handle model: dragon2
[2025-02-10 18:35:00] [INFO] handle model: happy
[2025-02-10 18:35:02] [INFO] handle model: head
[2025-02-10 18:35:16] [ERROR] model name: head, step: 10, coverage: 0.83648681640625
[2025-02-10 18:35:16] [INFO] handle model: lion
[2025-02-10 18:35:20] [INFO] handle model: thinker
[2025-02-10 18:35:24] [ERROR] model name: thinker, step: 10, coverage: 0.81768798828125
[2025-02-10 18:35:24] [INFO] handle model: armadillo
[2025-02-10 18:35:27] [INFO] init_step: 10
[2025-02-10 18:35:27] [INFO] handle model: bunny
[2025-02-10 18:35:29] [INFO] handle model: bust
[2025-02-10 18:35:34] [INFO] handle model: column
[2025-02-10 18:35:42] [INFO] handle model: dragon
[2025-02-10 18:35:46] [INFO] handle model: dragon2
[2025-02-10 18:35:48] [INFO] handle model: happy
[2025-02-10 18:35:50] [INFO] handle model: head
[2025-02-10 18:36:04] [ERROR] model name: head, step: 10, coverage: 0.83648681640625
[2025-02-10 18:36:04] [INFO] handle model: lion
[2025-02-10 18:36:07] [INFO] handle model: thinker
[2025-02-10 18:36:12] [ERROR] model name: thinker, step: 10, coverage: 0.81768798828125
[2025-02-10 18:36:12] [INFO] handle model: armadillo
[2025-02-10 18:36:15] [INFO] init_step: 10
[2025-02-10 18:36:15] [INFO] handle model: bunny
[2025-02-10 18:36:17] [INFO] handle model: bust
[2025-02-10 18:36:22] [INFO] handle model: column
[2025-02-10 18:36:30] [INFO] handle model: dragon
[2025-02-10 18:36:37] [INFO] handle model: dragon2
[2025-02-10 18:36:41] [INFO] handle model: happy
[2025-02-10 18:36:43] [INFO] handle model: head
[2025-02-10 18:37:05] [ERROR] model name: head, step: 10, coverage: 0.83648681640625
[2025-02-10 18:37:05] [INFO] handle model: lion
[2025-02-10 18:37:14] [INFO] handle model: thinker
[2025-02-10 18:37:20] [ERROR] model name: thinker, step: 10, coverage: 0.81768798828125
[2025-02-10 18:37:20] [INFO] handle model: armadillo
[2025-02-10 18:37:27] [INFO] init_step: 10
[2025-02-10 18:37:27] [INFO] handle model: bunny
[2025-02-10 18:37:31] [INFO] handle model: bust
[2025-02-10 18:37:39] [INFO] handle model: column
[2025-02-10 18:37:49] [INFO] handle model: dragon
[2025-02-10 18:37:59] [INFO] handle model: dragon2
[2025-02-10 18:38:04] [INFO] handle model: happy
[2025-02-10 18:38:10] [INFO] handle model: head
[2025-02-10 18:38:32] [ERROR] model name: head, step: 10, coverage: 0.83648681640625
[2025-02-10 18:38:32] [INFO] handle model: lion
[2025-02-10 18:38:42] [INFO] handle model: thinker
[2025-02-10 18:38:51] [ERROR] model name: thinker, step: 10, coverage: 0.81768798828125
[2025-02-10 18:38:51] [INFO] handle model: armadillo
[2025-02-10 18:38:58] [INFO] init_step: 10
[2025-02-10 18:38:58] [INFO] handle model: bunny
[2025-02-10 18:39:03] [INFO] handle model: bust
[2025-02-10 18:39:14] [INFO] handle model: column
[2025-02-10 18:39:27] [INFO] handle model: dragon
[2025-02-10 18:39:37] [INFO] handle model: dragon2
[2025-02-10 18:39:44] [INFO] handle model: happy
[2025-02-10 18:39:52] [INFO] handle model: head
[2025-02-10 18:40:13] [ERROR] model name: head, step: 10, coverage: 0.83648681640625
[2025-02-10 18:40:13] [INFO] handle model: lion
[2025-02-10 18:40:21] [INFO] handle model: thinker
[2025-02-10 18:40:29] [ERROR] model name: thinker, step: 10, coverage: 0.81768798828125
[2025-02-10 18:40:29] [INFO] handle model: armadillo
[2025-02-10 18:40:36] [INFO] init_step: 10
[2025-02-10 18:40:36] [INFO] handle model: bunny
[2025-02-10 18:40:42] [INFO] handle model: bust
[2025-02-10 18:40:52] [INFO] handle model: column
[2025-02-10 18:41:06] [INFO] handle model: dragon
[2025-02-10 18:41:16] [INFO] handle model: dragon2
[2025-02-10 18:41:22] [INFO] handle model: happy
[2025-02-10 18:41:29] [INFO] handle model: head
[2025-02-10 18:41:52] [ERROR] model name: head, step: 10, coverage: 0.83648681640625
[2025-02-10 18:41:52] [INFO] handle model: lion
[2025-02-10 18:42:00] [INFO] handle model: thinker
[2025-02-10 18:42:10] [ERROR] model name: thinker, step: 10, coverage: 0.81768798828125
[2025-02-10 18:42:10] [INFO] handle model: armadillo
[2025-02-10 18:42:16] [INFO] init_step: 10
[2025-02-10 18:42:16] [INFO] handle model: bunny
[2025-02-10 18:42:23] [INFO] handle model: bust
[2025-02-10 18:42:35] [INFO] handle model: column
[2025-02-10 18:42:48] [INFO] handle model: dragon
[2025-02-10 18:42:57] [INFO] handle model: dragon2
[2025-02-10 18:43:03] [INFO] handle model: happy
[2025-02-10 18:43:09] [INFO] handle model: head
[2025-02-10 18:43:32] [ERROR] model name: head, step: 10, coverage: 0.83648681640625
[2025-02-10 18:43:32] [INFO] handle model: lion
[2025-02-10 18:43:40] [INFO] handle model: thinker
[2025-02-10 18:43:51] [ERROR] model name: thinker, step: 10, coverage: 0.81768798828125
[2025-02-10 18:43:51] [INFO] handle model: armadillo
[2025-02-10 18:43:59] [INFO] init_step: 10
[2025-02-10 18:43:59] [INFO] handle model: bunny
[2025-02-10 18:44:05] [INFO] handle model: bust
[2025-02-10 18:44:15] [INFO] handle model: column
[2025-02-10 18:44:28] [INFO] handle model: dragon
[2025-02-10 18:44:36] [INFO] handle model: dragon2
[2025-02-10 18:44:42] [INFO] handle model: happy
[2025-02-10 18:44:47] [INFO] handle model: head
[2025-02-10 18:45:11] [ERROR] model name: head, step: 10, coverage: 0.83648681640625
[2025-02-10 18:45:12] [INFO] handle model: lion
[2025-02-10 18:45:20] [INFO] handle model: thinker
[2025-02-10 18:45:29] [ERROR] model name: thinker, step: 10, coverage: 0.81768798828125
[2025-02-10 18:45:29] [INFO] handle model: armadillo
[2025-02-10 18:45:35] [INFO] init_step: 10
[2025-02-10 18:45:35] [INFO] handle model: bunny
[2025-02-10 18:45:40] [INFO] handle model: bust
[2025-02-10 18:45:51] [INFO] handle model: column
[2025-02-10 18:46:03] [INFO] handle model: dragon
[2025-02-10 18:46:12] [INFO] handle model: dragon2
[2025-02-10 18:46:19] [INFO] handle model: happy
[2025-02-10 18:46:26] [INFO] handle model: head
[2025-02-10 18:46:50] [ERROR] model name: head, step: 10, coverage: 0.83648681640625
[2025-02-10 18:46:50] [INFO] handle model: lion
[2025-02-10 18:46:57] [INFO] handle model: thinker
[2025-02-10 18:47:06] [ERROR] model name: thinker, step: 10, coverage: 0.81768798828125
[2025-02-10 18:47:06] [INFO] handle model: armadillo
[2025-02-10 18:47:13] [INFO] init_step: 10
[2025-02-10 18:47:13] [INFO] handle model: bunny
[2025-02-10 18:47:19] [INFO] handle model: bust
[2025-02-10 18:47:29] [INFO] handle model: column
[2025-02-10 18:47:43] [INFO] handle model: dragon
[2025-02-10 18:47:53] [INFO] handle model: dragon2
[2025-02-10 18:47:58] [INFO] handle model: happy
[2025-02-10 18:48:04] [INFO] handle model: head
[2025-02-10 18:48:25] [ERROR] model name: head, step: 10, coverage: 0.83648681640625
[2025-02-10 18:48:25] [INFO] handle model: lion
[2025-02-10 18:48:34] [INFO] handle model: thinker
[2025-02-10 18:48:43] [ERROR] model name: thinker, step: 10, coverage: 0.81768798828125
[2025-02-10 18:48:43] [INFO] handle model: armadillo
[2025-02-10 18:48:49] [INFO] init_step: 10
[2025-02-10 18:48:49] [INFO] handle model: bunny
[2025-02-10 18:48:57] [INFO] handle model: bust
[2025-02-10 18:49:08] [INFO] handle model: column
[2025-02-10 18:49:21] [INFO] handle model: dragon
[2025-02-10 18:49:29] [INFO] handle model: dragon2
[2025-02-10 18:49:35] [INFO] handle model: happy
[2025-02-10 18:49:41] [INFO] handle model: head
[2025-02-10 18:50:07] [ERROR] model name: head, step: 10, coverage: 0.83648681640625
[2025-02-10 18:50:07] [INFO] handle model: lion
[2025-02-10 18:50:14] [INFO] handle model: thinker
[2025-02-10 18:50:26] [ERROR] model name: thinker, step: 10, coverage: 0.81768798828125
[2025-02-10 18:50:26] [INFO] handle model: armadillo
[2025-02-10 18:50:33] [INFO] init_step: 10
[2025-02-10 18:50:34] [INFO] handle model: bunny
[2025-02-10 18:50:40] [INFO] handle model: bust
[2025-02-10 18:50:50] [INFO] handle model: column
[2025-02-10 18:51:02] [INFO] handle model: dragon
[2025-02-10 18:51:11] [INFO] handle model: dragon2
[2025-02-10 18:51:17] [INFO] handle model: happy
[2025-02-10 18:51:23] [INFO] handle model: head
[2025-02-10 18:51:48] [ERROR] model name: head, step: 10, coverage: 0.83648681640625
[2025-02-10 18:51:48] [INFO] handle model: lion
[2025-02-10 18:51:56] [INFO] handle model: thinker
[2025-02-10 18:52:05] [ERROR] model name: thinker, step: 10, coverage: 0.81768798828125
[2025-02-10 18:52:05] [INFO] handle model: armadillo
[2025-02-10 18:52:11] [INFO] init_step: 10
[2025-02-10 18:52:11] [INFO] handle model: bunny
[2025-02-10 18:52:16] [INFO] handle model: bust
[2025-02-10 18:52:27] [INFO] handle model: column
[2025-02-10 18:52:39] [INFO] handle model: dragon
[2025-02-10 18:52:48] [INFO] handle model: dragon2
[2025-02-10 18:52:55] [INFO] handle model: happy
[2025-02-10 18:53:02] [INFO] handle model: head
[2025-02-10 18:53:24] [ERROR] model name: head, step: 10, coverage: 0.83648681640625
[2025-02-10 18:53:24] [INFO] handle model: lion
[2025-02-10 18:53:31] [INFO] handle model: thinker
[2025-02-10 18:53:41] [ERROR] model name: thinker, step: 10, coverage: 0.81768798828125
[2025-02-10 18:53:41] [INFO] handle model: armadillo
[2025-02-10 18:53:48] [INFO] init_step: 10
[2025-02-10 18:53:48] [INFO] handle model: bunny
[2025-02-10 18:53:54] [INFO] handle model: bust
[2025-02-10 18:54:04] [INFO] handle model: column
[2025-02-10 18:54:16] [INFO] handle model: dragon
[2025-02-10 18:54:27] [INFO] handle model: dragon2
[2025-02-10 18:54:33] [INFO] handle model: happy
[2025-02-10 18:54:40] [INFO] handle model: head
[2025-02-10 18:55:00] [ERROR] model name: head, step: 10, coverage: 0.83648681640625
[2025-02-10 18:55:01] [INFO] handle model: lion
[2025-02-10 18:55:09] [INFO] handle model: thinker
[2025-02-10 18:55:17] [ERROR] model name: thinker, step: 10, coverage: 0.81768798828125
[2025-02-10 18:55:18] [INFO] handle model: armadillo
[2025-02-10 18:55:24] [INFO] init_step: 10
[2025-02-10 18:55:24] [INFO] handle model: bunny
[2025-02-10 18:55:31] [INFO] handle model: bust
[2025-02-10 18:55:43] [INFO] handle model: column
[2025-02-10 18:55:55] [INFO] handle model: dragon
[2025-02-10 18:56:04] [INFO] handle model: dragon2
[2025-02-10 18:56:09] [INFO] handle model: happy
[2025-02-10 18:56:16] [INFO] handle model: head
[2025-02-10 18:56:38] [ERROR] model name: head, step: 10, coverage: 0.83648681640625
[2025-02-10 18:56:39] [INFO] handle model: lion
[2025-02-10 18:56:47] [INFO] handle model: thinker
[2025-02-10 18:56:57] [ERROR] model name: thinker, step: 10, coverage: 0.81768798828125
[2025-02-10 18:56:57] [INFO] handle model: armadillo
[2025-02-10 18:57:05] [INFO] DQN per NBV time: 0.384
[2025-02-10 18:57:05] [INFO] --------- DQN ---------
[2025-02-10 18:57:05] [INFO] [0] 28.14
[2025-02-10 18:57:05] [INFO] [1] 58.47
[2025-02-10 18:57:05] [INFO] [2] 72.04
[2025-02-10 18:57:05] [INFO] [3] 80.27
[2025-02-10 18:57:05] [INFO] [4] 85.97
[2025-02-10 18:57:05] [INFO] [5] 89.34
[2025-02-10 18:57:05] [INFO] [6] 91.58
[2025-02-10 18:57:05] [INFO] [7] 93.19
[2025-02-10 18:57:05] [INFO] [8] 94.36
[2025-02-10 18:57:05] [INFO] [9] 95.15
